// Vitest Snapshot v1, https://vitest.dev/guide/snapshot.html

exports[`The v1-student-orgs worker > (integration) responds to GET requests with a valid list of all student orgs at OSU. 1`] = `Response {}`;

exports[`The v1-student-orgs worker > (integration) responds to non-GET requests with 418 I'm a teapot. 1`] = `Response {}`;
